git config --global user.name "Nishurato"
git config --global user.email "maxim.anikeev0505@gmail.com"
git config --global init.defaultBranchmain
apt update
Hit:1 http://ru.archive.ubuntu.com/ubuntu noble InRelease
Hit:2 http://ru.archive.ubuntu.com/ubuntu noble-updates InRelease
Hit:3 http://ru.archive.ubuntu.com/ubuntu noble-backports InRelease
Hit:4 http://security.ubuntu.com/ubuntu noble-security InRelease
Reading package lists... Done
Building dependency tree... Done
Reading state information... Done
80 packages can be upgraded. Run 'apt list --upgradable' to see them.
apt install git gh
Reading package lists... Done
Building dependency tree... Done
Reading state information... Done
git is already the newest version (1:2.43.0-1ubuntu7.3).
git set to manually installed.
The following NEW packages will be installed:
  gh
0 upgraded, 1 newly installed, 0 to remove and 80 not upgraded.
Need to get 8,836 kB of archives.
After this operation, 45.4 MB of additional disk space will be used.
Do you want to continue? [Y/n] Y
Get:1 http://ru.archive.ubuntu.com/ubuntu noble-updates/universe amd64 gh amd64 2.45.0-1ubuntu0.3 [8,836 kB]
Fetched 8,836 kB in 4s (2,062 kB/s)
Selecting previously unselected package gh.
(Reading database ... 124924 files and directories currently installed.)
Preparing to unpack .../gh_2.45.0-1ubuntu0.3_amd64.deb ...
Unpacking gh (2.45.0-1ubuntu0.3) ...
Setting up gh (2.45.0-1ubuntu0.3) ...
Processing triggers for man-db (2.12.0-4build2) ...
Scanning processes...
Scanning candidates...
Scanning linux images...

Pending kernel upgrade!
Running kernel version:
  6.8.0-55-generic
Diagnostics:
  The currently running kernel version is not the expected kernel version 6.8.0-86-generic.

Restarting the system to load the new kernel will not be handled automatically, so you should consider
rebooting.

Restarting services...

Service restarts being deferred:
 /etc/needrestart/restart.d/dbus.service
 systemctl restart getty@tty1.service
 systemctl restart systemd-logind.service
 systemctl restart unattended-upgrades.service

No containers need to be restarted.

User sessions running outdated binaries:
 root @ session #35: sshd[1718]
 root @ user manager service: systemd[1622]

No VM guests are running outdated hypervisor (qemu) binaries on this host.
ssh-keygen -t ed25519 -f ~/.ssh/Nishurato
Generating public/private ed25519 key pair.
Enter passphrase (empty for no passphrase):
Enter same passphrase again:
Your identification has been saved in /root/.ssh/Nishurato
Your public key has been saved in /root/.ssh/Nishurato.pub
The key fingerprint is:
SHA256:fEDo7lgE/lk5z8jKTbpvzaPPZMnwK8MXoJ9Cla+feR0 root@eltex-practice2-pg1-v2
The key's randomart image is:
+--[ED25519 256]--+
|       ..        |
|    . ..         |
|   . o  .o       |
|    . o.B.       |
|     + *SB.      |
|      B +==.  E  |
|     * B =*. . . |
|    . * X+=+. .  |
|      .=oBBo     |
+----[SHA256]-----+
gh auth login
? What account do you want to log into? GitHub.com
? What is your preferred protocol for Git operations on this host? SSH
? Upload your SSH public key to your GitHub account? /root/.ssh/Nishurato.pub
? Title for your SSH key: eltex-practice2-pg1-v2
? How would you like to authenticate GitHub CLI? Login with a web browser

! First copy your one-time code: 8361-1EDE
Press Enter to open github.com in your browser...
! Failed opening a web browser at https://github.com/login/device
  exec: "xdg-open,x-www-browser,www-browser,wslview": executable file not found in $PATH
  Please try entering the URL in your browser manually
✓ Authentication complete.
- gh config set -h github.com git_protocol ssh
✓ Configured git protocol
! Authentication credentials saved in plain text
✓ Uploaded the SSH key to your GitHub account: /root/.ssh/Nishurato.pub
✓ Logged in as Nishurato
root@eltex-practice2-pg1-v2:~# gh auth setup-git --hostname github.com
root@eltex-practice2-pg1-v2:~# gh auth status
github.com
  ✓ Logged in to github.com account Nishurato (/root/.config/gh/hosts.yml)
  - Active account: true
  - Git operations protocol: ssh
  - Token: gho_************************************
  - Token scopes: 'admin:public_key', 'gist', 'read:org', 'repo'
root@eltex-practice2-pg1-v2:~# gh repo create --public eltex-practice2
✓ Created repository Nishurato/eltex-practice2 on GitHub
  https://github.com/Nishurato/eltex-practice2
root@eltex-practice2-pg1-v2:~# mkdir ~/eltex-practice2
root@eltex-practice2-pg1-v2:~# cd ~/eltex-practice2/
echo "# Это вторая практика от Элтекс" >> README.md
root@eltex-practice2-pg1-v2:~/eltex-practice2# git init
Initialized empty Git repository in /root/eltex-practice2/.git/
root@eltex-practice2-pg1-v2:~/eltex-practice2# git add README.md
root@eltex-practice2-pg1-v2:~/eltex-practice2# git commit -m "first commit"
[master (root-commit) 01a6701] first commit
 1 file changed, 1 insertion(+)
 create mode 100644 README.md
root@eltex-practice2-pg1-v2:~/eltex-practice2# git branch -M main
root@eltex-practice2-pg1-v2:~/eltex-practice2# git remote add origin https://github.com/Nishurato/eltex-practice2.git
root@eltex-practice2-pg1-v2:~/eltex-practice2# git status
On branch main
nothing to commit, working tree clean
root@eltex-practice2-pg1-v2:~/eltex-practice2# git push -u origin main
Enumerating objects: 3, done.
Counting objects: 100% (3/3), done.
Delta compression using up to 2 threads
Compressing objects: 100% (2/2), done.
Writing objects: 100% (3/3), 268 bytes | 268.00 KiB/s, done.
Total 3 (delta 0), reused 0 (delta 0), pack-reused 0
To https://github.com/Nishurato/eltex-practice2.git
 * [new branch]      main -> main
branch 'main' set up to track 'origin/main'.
root@eltex-practice2-pg1-v2:~/eltex-practice2# mkdir -p module1/task1
root@eltex-practice2-pg1-v2:~/eltex-practice2# mkdir module1/task2
root@eltex-practice2-pg1-v2:~/eltex-practice2# mkdir module1/task3
