git config --global user.name "Nishurato"
git config --global user.email "maxim.anikeev0505@gmail.com"
git config --global init.defaultBranchmain
apt update
Hit:1 http://ru.archive.ubuntu.com/ubuntu noble InRelease
Hit:2 http://ru.archive.ubuntu.com/ubuntu noble-updates InRelease
Hit:3 http://ru.archive.ubuntu.com/ubuntu noble-backports InRelease
Hit:4 http://security.ubuntu.com/ubuntu noble-security InRelease
Reading package lists... Done
Building dependency tree... Done
Reading state information... Done
80 packages can be upgraded. Run 'apt list --upgradable' to see them.
apt install git gh
Reading package lists... Done
Building dependency tree... Done
Reading state information... Done
git is already the newest version (1:2.43.0-1ubuntu7.3).
git set to manually installed.
The following NEW packages will be installed:
  gh
0 upgraded, 1 newly installed, 0 to remove and 80 not upgraded.
Need to get 8,836 kB of archives.
After this operation, 45.4 MB of additional disk space will be used.
Do you want to continue? [Y/n] Y
Get:1 http://ru.archive.ubuntu.com/ubuntu noble-updates/universe amd64 gh amd64 2.45.0-1ubuntu0.3 [8,836 kB]
Fetched 8,836 kB in 4s (2,062 kB/s)
Selecting previously unselected package gh.
(Reading database ... 124924 files and directories currently installed.)
Preparing to unpack .../gh_2.45.0-1ubuntu0.3_amd64.deb ...
Unpacking gh (2.45.0-1ubuntu0.3) ...
Setting up gh (2.45.0-1ubuntu0.3) ...
Processing triggers for man-db (2.12.0-4build2) ...
Scanning processes...
Scanning candidates...
Scanning linux images...

Pending kernel upgrade!
Running kernel version:
  6.8.0-55-generic
Diagnostics:
  The currently running kernel version is not the expected kernel version 6.8.0-86-generic.

Restarting the system to load the new kernel will not be handled automatically, so you should consider
rebooting.

Restarting services...

Service restarts being deferred:
 /etc/needrestart/restart.d/dbus.service
 systemctl restart getty@tty1.service
 systemctl restart systemd-logind.service
 systemctl restart unattended-upgrades.service

No containers need to be restarted.

User sessions running outdated binaries:
 root @ session #35: sshd[1718]
 root @ user manager service: systemd[1622]

No VM guests are running outdated hypervisor (qemu) binaries on this host.
ssh-keygen -t ed25519 -f ~/.ssh/Nishurato
Generating public/private ed25519 key pair.
Enter passphrase (empty for no passphrase):
Enter same passphrase again:
Your identification has been saved in /root/.ssh/Nishurato
Your public key has been saved in /root/.ssh/Nishurato.pub
The key fingerprint is:
SHA256:fEDo7lgE/lk5z8jKTbpvzaPPZMnwK8MXoJ9Cla+feR0 root@eltex-practice2-pg1-v2
The key's randomart image is:
+--[ED25519 256]--+
|       ..        |
|    . ..         |
|   . o  .o       |
|    . o.B.       |
|     + *SB.      |
|      B +==.  E  |
|     * B =*. . . |
|    . * X+=+. .  |
|      .=oBBo     |
+----[SHA256]-----+
gh auth login
? What account do you want to log into? GitHub.com
? What is your preferred protocol for Git operations on this host? SSH
? Upload your SSH public key to your GitHub account? /root/.ssh/Nishurato.pub
? Title for your SSH key: eltex-practice2-pg1-v2
? How would you like to authenticate GitHub CLI? Login with a web browser

! First copy your one-time code: 8361-1EDE
Press Enter to open github.com in your browser...
! Failed opening a web browser at https://github.com/login/device
  exec: "xdg-open,x-www-browser,www-browser,wslview": executable file not found in $PATH
  Please try entering the URL in your browser manually
✓ Authentication complete.
- gh config set -h github.com git_protocol ssh
✓ Configured git protocol
! Authentication credentials saved in plain text
✓ Uploaded the SSH key to your GitHub account: /root/.ssh/Nishurato.pub
✓ Logged in as Nishurato
root@eltex-practice2-pg1-v2:~# gh auth setup-git --hostname github.com
root@eltex-practice2-pg1-v2:~# gh auth status
github.com
  ✓ Logged in to github.com account Nishurato (/root/.config/gh/hosts.yml)
  - Active account: true
  - Git operations protocol: ssh
  - Token: gho_************************************
  - Token scopes: 'admin:public_key', 'gist', 'read:org', 'repo'
root@eltex-practice2-pg1-v2:~# gh repo create --public eltex-practice2
✓ Created repository Nishurato/eltex-practice2 on GitHub
  https://github.com/Nishurato/eltex-practice2
root@eltex-practice2-pg1-v2:~# mkdir ~/eltex-practice2
root@eltex-practice2-pg1-v2:~# cd ~/eltex-practice2/
echo "# Это вторая практика от Элтекс" >> README.md
root@eltex-practice2-pg1-v2:~/eltex-practice2# git init
Initialized empty Git repository in /root/eltex-practice2/.git/
root@eltex-practice2-pg1-v2:~/eltex-practice2# git add README.md
root@eltex-practice2-pg1-v2:~/eltex-practice2# git commit -m "first commit"
[master (root-commit) 01a6701] first commit
 1 file changed, 1 insertion(+)
 create mode 100644 README.md
root@eltex-practice2-pg1-v2:~/eltex-practice2# git branch -M main
root@eltex-practice2-pg1-v2:~/eltex-practice2# git remote add origin https://github.com/Nishurato/eltex-practice2.git
root@eltex-practice2-pg1-v2:~/eltex-practice2# git status
On branch main
nothing to commit, working tree clean
root@eltex-practice2-pg1-v2:~/eltex-practice2# git push -u origin main
Enumerating objects: 3, done.
Counting objects: 100% (3/3), done.
Delta compression using up to 2 threads
Compressing objects: 100% (2/2), done.
Writing objects: 100% (3/3), 268 bytes | 268.00 KiB/s, done.
Total 3 (delta 0), reused 0 (delta 0), pack-reused 0
To https://github.com/Nishurato/eltex-practice2.git
 * [new branch]      main -> main
branch 'main' set up to track 'origin/main'.
root@eltex-practice2-pg1-v2:~/eltex-practice2# mkdir -p module1/task1
root@eltex-practice2-pg1-v2:~/eltex-practice2# mkdir module1/task2
root@eltex-practice2-pg1-v2:~/eltex-practice2# mkdir module1/task3
eltex-pg1-v2@eltex-2025-autumn-17:39>scp eltex-pg1-v2_part.log root@172.16.9.176:~/eltex-practice2/module1/task1/eltex-pg1-v2_part.log
eltex-pg1-v2_part.log                         100%  661    40.9KB/s   00:00
eltex-pg1-v2@eltex-2025-autumn-17:39>scp eltex-pg1-v2_part3.log root@172.16.9.176:/root/eltex-practice2/module1/task1/eltex-pg1-v2_part3.log
eltex-pg1-v2_part3.log                        100%  388    45.6KB/s   00:00
eltex-pg1-v2@eltex-2025-autumn-17:43>scp eltex-pg1-v2_part3_gt50M.log root@172.16.9.176:/root/eltex-practice2/module1/task1/eltex-pg1-v2_part3_gt50M.log
eltex-pg1-v2_part3_gt50M.log                  100% 3313   164.2KB/s   00:00
eltex-pg1-v2@eltex-2025-autumn-17:49>scp practice2_eltex-pg1-v2_part1.log root@172.16.9.176:/root/eltex-practice2/module1/task2/practice2_eltex-pg1-v2_part1.log
practice2_eltex-pg1-v2_part1.log              100% 3366     9.0MB/s   00:00
eltex-pg1-v2@eltex-2025-autumn-17:55>scp practice2_eltex-pg1-v2_part2.log root@172.16.9.176:/root/eltex-practice2/module1/task2/practice2_eltex-pg1-v2_part2.log
practice2_eltex-pg1-v2_part2.log              100%  146KB  89.0MB/s   00:00
eltex-pg1-v2@eltex-2025-autumn-17:56>scp practice2_eltex-pg1-v2_part3.log root@172.16.9.176:/root/eltex-practice2/module1/task2/practice2_eltex-pg1-v2_part3.log
practice2_eltex-pg1-v2_part3.log              100% 5893    11.2MB/s   00:00
root@eltex-practice2-pg1-v2:~/eltex-practice2# git add .
root@eltex-practice2-pg1-v2:~/eltex-practice2# git status
On branch main
Your branch is up to date with 'origin/main'.

Changes to be committed:
  (use "git restore --staged <file>..." to unstage)
        new file:   module1/task1/eltex-pg1-v2_part.log
        new file:   module1/task1/eltex-pg1-v2_part3.log
        new file:   module1/task1/eltex-pg1-v2_part3_gt50M.log
        new file:   module1/task2/practice2_eltex-pg1-v2_part1.log
        new file:   module1/task2/practice2_eltex-pg1-v2_part2.log
        new file:   module1/task2/practice2_eltex-pg1-v2_part3.log

root@eltex-practice2-pg1-v2:~/eltex-practice2# git commit -m "Practice files loaded"
[main 5b0bb19] Practice files loaded
 6 files changed, 1745 insertions(+)
 create mode 100644 module1/task1/eltex-pg1-v2_part.log
 create mode 100644 module1/task1/eltex-pg1-v2_part3.log
 create mode 100644 module1/task1/eltex-pg1-v2_part3_gt50M.log
 create mode 100644 module1/task2/practice2_eltex-pg1-v2_part1.log
 create mode 100644 module1/task2/practice2_eltex-pg1-v2_part2.log
 create mode 100644 module1/task2/practice2_eltex-pg1-v2_part3.log
root@eltex-practice2-pg1-v2:~/eltex-practice2# git push
Enumerating objects: 12, done.
Counting objects: 100% (12/12), done.
Delta compression using up to 2 threads
Compressing objects: 100% (11/11), done.
Writing objects: 100% (11/11), 37.34 KiB | 12.45 MiB/s, done.
Total 11 (delta 0), reused 0 (delta 0), pack-reused 0
To https://github.com/Nishurato/eltex-practice2.git
   01a6701..5b0bb19  main -> main
root@eltex-practice2-pg1-v2:~/eltex-practice2# mkdir ~/eltex-practice2_clone && cd ~/eltex-practice2_clone
root@eltex-practice2-pg1-v2:~/eltex-practice2_clone# git clone https://github.com/Nishurato/eltex-practice2.git
Cloning into 'eltex-practice2'...
remote: Enumerating objects: 19, done.
remote: Counting objects: 100% (19/19), done.
remote: Compressing objects: 100% (18/18), done.
remote: Total 19 (delta 1), reused 13 (delta 0), pack-reused 0 (from 0)
Receiving objects: 100% (19/19), 148.04 KiB | 522.00 KiB/s, done.
Resolving deltas: 100% (1/1), done.
root@eltex-practice2-pg1-v2:~/eltex-practice2_clone# cd ~/eltex-practice2
root@eltex-practice2-pg1-v2:~/eltex-practice2# git add .
root@eltex-practice2-pg1-v2:~/eltex-practice2# git status
On branch main
Your branch is up to date with 'origin/main'.

Changes to be committed:
  (use "git restore --staged <file>..." to unstage)
        modified:   module1/task2/practice2_eltex-pg1-v2_part3.log

root@eltex-practice2-pg1-v2:~/eltex-practice2# git commit -m "Внесено изменение отчета"                                 [main f763124] Внесено изменение отчета
 1 file changed, 53 insertions(+)

root@eltex-practice2-pg1-v2:~/eltex-practice2# git pull origin main --rebase
remote: Enumerating objects: 8, done.
remote: Counting objects: 100% (8/8), done.
remote: Compressing objects: 100% (5/5), done.
remote: Total 5 (delta 1), reused 0 (delta 0), pack-reused 0 (from 0)
Unpacking objects: 100% (5/5), 110.51 KiB | 394.00 KiB/s, done.
From https://github.com/Nishurato/eltex-practice2
 * branch            main       -> FETCH_HEAD
   5b0bb19..ebff01b  main       -> origin/main
Successfully rebased and updated refs/heads/main.
root@eltex-practice2-pg1-v2:~/eltex-practice2# git push
Enumerating objects: 9, done.
Counting objects: 100% (9/9), done.
Delta compression using up to 2 threads
Compressing objects: 100% (5/5), done.
Writing objects: 100% (5/5), 1.29 KiB | 1.29 MiB/s, done.
Total 5 (delta 2), reused 0 (delta 0), pack-reused 0
remote: Resolving deltas: 100% (2/2), completed with 2 local objects.
To https://github.com/Nishurato/eltex-practice2.git
   ebff01b..dce03ae  main -> main
root@eltex-practice2-pg1-v2:~/eltex-practice2# cd ~/eltex-practice2_clone/
root@eltex-practice2-pg1-v2:~/eltex-practice2_clone# cd eltex-practice2/
root@eltex-practice2-pg1-v2:~/eltex-practice2_clone/eltex-practice2# git fetch
remote: Enumerating objects: 9, done.
remote: Counting objects: 100% (9/9), done.
remote: Compressing objects: 100% (3/3), done.
remote: Total 5 (delta 2), reused 5 (delta 2), pack-reused 0 (from 0)
Unpacking objects: 100% (5/5), 1.28 KiB | 653.00 KiB/s, done.
From https://github.com/Nishurato/eltex-practice2
   ebff01b..dce03ae  main       -> origin/main
root@eltex-practice2-pg1-v2:~/eltex-practice2_clone/eltex-practice2# git log origin/main
commit dce03ae574fa5f8aa3c97f0c1a6a37921eb433b8 (origin/main, origin/HEAD)
Author: Nishurato <maxim.anikeev0505@gmail.com>
Date:   Mon Oct 27 11:34:14 2025 +0000

    Внесено изменение отчета

commit ebff01bbcf1a1cdafcbf388ae450f6072a1bfec4 (HEAD -> main)
Author: Maksim Anikeev <maxim.anikeev0505@gmail.com>
Date:   Mon Oct 27 18:06:06 2025 +0700

    Ещё один файл от первой практики

commit 5b0bb19f29ae029c93153f678b8432a2877c5808
Author: Nishurato <maxim.anikeev0505@gmail.com>
Date:   Mon Oct 27 11:04:45 2025 +0000

    Practice files loaded

commit 01a6701605d35f7fbc204fa2357de98e37efadb3
Author: Nishurato <maxim.anikeev0505@gmail.com>
Date:   Mon Oct 27 10:11:42 2025 +0000

    first commit
root@eltex-practice2-pg1-v2:~/eltex-practice2_clone/eltex-practice2# git diff main origin/main
diff --git a/module1/task2/practice2_eltex-pg1-v2_part3.log b/module1/task2/practice2_eltex-pg1-v2_part3.log
index b54ba36..e3061e7 100644
--- a/module1/task2/practice2_eltex-pg1-v2_part3.log
+++ b/module1/task2/practice2_eltex-pg1-v2_part3.log
@@ -135,3 +135,56 @@ branch 'main' set up to track 'origin/main'.
 root@eltex-practice2-pg1-v2:~/eltex-practice2# mkdir -p module1/task1
 root@eltex-practice2-pg1-v2:~/eltex-practice2# mkdir module1/task2
 root@eltex-practice2-pg1-v2:~/eltex-practice2# mkdir module1/task3
+eltex-pg1-v2@eltex-2025-autumn-17:39>scp eltex-pg1-v2_part.log root@172.16.9.176:~/eltex-practice2/module1/task1/eltex-1-v2_part.log
+eltex-pg1-v2_part.log                         100%  661    40.9KB/s   00:00
+eltex-pg1-v2@eltex-2025-autumn-17:39>scp eltex-pg1-v2_part3.log root@172.16.9.176:/root/eltex-practice2/module1/task1/eex-pg1-v2_part3.log
+eltex-pg1-v2_part3.log                        100%  388    45.6KB/s   00:00
+eltex-pg1-v2@eltex-2025-autumn-17:43>scp eltex-pg1-v2_part3_gt50M.log root@172.16.9.176:/root/eltex-practice2/module1/tk1/eltex-pg1-v2_part3_gt50M.log
+eltex-pg1-v2_part3_gt50M.log                  100% 3313   164.2KB/s   00:00
+eltex-pg1-v2@eltex-2025-autumn-17:49>scp practice2_eltex-pg1-v2_part1.log root@172.16.9.176:/root/eltex-practice2/modul/task2/practice2_eltex-pg1-v2_part1.log
+practice2_eltex-pg1-v2_part1.log              100% 3366     9.0MB/s   00:00
+eltex-pg1-v2@eltex-2025-autumn-17:55>scp practice2_eltex-pg1-v2_part2.log root@172.16.9.176:/root/eltex-practice2/modul/task2/practice2_eltex-pg1-v2_part2.log
+practice2_eltex-pg1-v2_part2.log              100%  146KB  89.0MB/s   00:00
+eltex-pg1-v2@eltex-2025-autumn-17:56>scp practice2_eltex-pg1-v2_part3.log root@172.16.9.176:/root/eltex-practice2/modul/task2/practice2_eltex-pg1-v2_part3.log
+practice2_eltex-pg1-v2_part3.log              100% 5893    11.2MB/s   00:00
+root@eltex-practice2-pg1-v2:~/eltex-practice2# git add .
+root@eltex-practice2-pg1-v2:~/eltex-practice2# git status
+On branch main
+Your branch is up to date with 'origin/main'.
+
+Changes to be committed:
+  (use "git restore --staged <file>..." to unstage)
+        new file:   module1/task1/eltex-pg1-v2_part.log
+        new file:   module1/task1/eltex-pg1-v2_part3.log
+        new file:   module1/task1/eltex-pg1-v2_part3_gt50M.log
+        new file:   module1/task2/practice2_eltex-pg1-v2_part1.log
+        new file:   module1/task2/practice2_eltex-pg1-v2_part2.log
+        new file:   module1/task2/practice2_eltex-pg1-v2_part3.log
+
+root@eltex-practice2-pg1-v2:~/eltex-practice2# git commit -m "Practice files loaded"
+[main 5b0bb19] Practice files loaded
+ 6 files changed, 1745 insertions(+)
+ create mode 100644 module1/task1/eltex-pg1-v2_part.log
+ create mode 100644 module1/task1/eltex-pg1-v2_part3.log
+ create mode 100644 module1/task1/eltex-pg1-v2_part3_gt50M.log

[1]+  Stopped                 git diff main origin/main
root@eltex-practice2-pg1-v2:~/eltex-practice2_clone/eltex-practice2# git merge
Updating ebff01b..dce03ae
Fast-forward
 module1/task2/practice2_eltex-pg1-v2_part3.log | 53 +++++++++++++++++++++++++++++++++++++++++++++++++++++
 1 file changed, 53 insertions(+)
root@eltex-practice2-pg1-v2:~/eltex-practice2_clone# cd
root@eltex-practice2-pg1-v2:~# mkdir ~/eltex_practice2_copy && cd ~/eltex_practice2_copy
root@eltex-practice2-pg1-v2:~/eltex_practice2_copy# echo "# Это git-репозитория Аникеева Максима Ваидомвича, созданный в рамках школы Eltex" >> README.md
root@eltex-practice2-pg1-v2:~/eltex_practice2_copy# git init
hint: Using 'master' as the name for the initial branch. This default branch name
hint: is subject to change. To configure the initial branch name to use in all
hint: of your new repositories, which will suppress this warning, call:
hint:
hint:   git config --global init.defaultBranch <name>
hint:
hint: Names commonly chosen instead of 'master' are 'main', 'trunk' and
hint: 'development'. The just-created branch can be renamed via this command:
hint:
hint:   git branch -m <name>
Initialized empty Git repository in /root/eltex_practice2_copy/.git/
root@eltex-practice2-pg1-v2:~/eltex_practice2_copy# git add README.md
root@eltex-practice2-pg1-v2:~/eltex_practice2_copy# git commit -m "first commit"
[master (root-commit) 69ad2f0] first commit
 1 file changed, 1 insertion(+)
 create mode 100644 README.md
root@eltex-practice2-pg1-v2:~/eltex_practice2_copy# git branch -M main
root@eltex-practice2-pg1-v2:~/eltex_practice2_copy# git remote add origin https://github.com/Nishurato/eltex-practice2.git
root@eltex-practice2-pg1-v2:~/eltex_practice2_copy# git status
On branch main
nothing to commit, working tree clean
root@eltex-practice2-pg1-v2:~/eltex_practice2_copy# git push -u origin main
To https://github.com/Nishurato/eltex-practice2.git
 ! [rejected]        main -> main (fetch first)
error: failed to push some refs to 'https://github.com/Nishurato/eltex-practice2.git'
hint: Updates were rejected because the remote contains work that you do not
hint: have locally. This is usually caused by another repository pushing to
hint: the same ref. If you want to integrate the remote changes, use
hint: 'git pull' before pushing again.
hint: See the 'Note about fast-forwards' in 'git push --help' for details.
root@eltex-practice2-pg1-v2:~/eltex_practice2_copy# ^[[200~mkdir -p module1/task1
mkdir: command not found
root@eltex-practice2-pg1-v2:~/eltex_practice2_copy# mkdir -p module1/task1
root@eltex-practice2-pg1-v2:~/eltex_practice2_copy# mkdir module1/task2
root@eltex-practice2-pg1-v2:~/eltex_practice2_copy# mkdir module1/task3
root@eltex-practice2-pg1-v2:~/eltex_practice2_copy# git add .
root@eltex-practice2-pg1-v2:~/eltex_practice2_copy# git status
On branch main
nothing to commit, working tree clean
